05:44:19 **** Build of configuration Debug for project freertos_blinky_revised ****
make -r -j4 all 
Building file: ../freertos/src/FreeRTOSCommonHooks.c
Building file: ../freertos/src/heap_3.c
Building file: ../freertos/src/port.c
Building file: ../freertos/src/list.c
Invoking: MCU C Compiler
arm-none-eabi-gcc -D__REDLIB__ -DDEBUG -D__CODE_RED -D__USE_LPCOPEN -DCORE_M3 -I"/home/daman/Documents/MCUXpresso_11.0.1_2563/workspace/lpc_chip_175x_6x/inc" -I"/home/daman/Documents/MCUXpresso_11.0.1_2563/workspace/lpc_board_nxp_lpcxpresso_1769/inc" -I"/home/daman/teaching/lambton/2019/fall/ese3025/RTOS/freertos_blinky_revised/example/inc" -I"/home/daman/teaching/lambton/2019/fall/ese3025/RTOS/freertos_blinky_revised/freertos/inc" -O0 -g3 -Wall -c -fmessage-length=0 -fno-builtin -ffunction-sections -fdata-sections -mcpu=cortex-m3 -mthumb -fstack-usage -specs=redlib.specs -MMD -MP -MF"freertos/src/FreeRTOSCommonHooks.d" -MT"freertos/src/FreeRTOSCommonHooks.o" -MT"freertos/src/FreeRTOSCommonHooks.d" -o "freertos/src/FreeRTOSCommonHooks.o" "../freertos/src/FreeRTOSCommonHooks.c"
Invoking: MCU C Compiler
arm-none-eabi-gcc -D__REDLIB__ -DDEBUG -D__CODE_RED -D__USE_LPCOPEN -DCORE_M3 -I"/home/daman/Documents/MCUXpresso_11.0.1_2563/workspace/lpc_chip_175x_6x/inc" -I"/home/daman/Documents/MCUXpresso_11.0.1_2563/workspace/lpc_board_nxp_lpcxpresso_1769/inc" -I"/home/daman/teaching/lambton/2019/fall/ese3025/RTOS/freertos_blinky_revised/example/inc" -I"/home/daman/teaching/lambton/2019/fall/ese3025/RTOS/freertos_blinky_revised/freertos/inc" -O0 -g3 -Wall -c -fmessage-length=0 -fno-builtin -ffunction-sections -fdata-sections -mcpu=cortex-m3 -mthumb -fstack-usage -specs=redlib.specs -MMD -MP -MF"freertos/src/port.d" -MT"freertos/src/port.o" -MT"freertos/src/port.d" -o "freertos/src/port.o" "../freertos/src/port.c"
Invoking: MCU C Compiler
arm-none-eabi-gcc -D__REDLIB__ -DDEBUG -D__CODE_RED -D__USE_LPCOPEN -DCORE_M3 -I"/home/daman/Documents/MCUXpresso_11.0.1_2563/workspace/lpc_chip_175x_6x/inc" -I"/home/daman/Documents/MCUXpresso_11.0.1_2563/workspace/lpc_board_nxp_lpcxpresso_1769/inc" -I"/home/daman/teaching/lambton/2019/fall/ese3025/RTOS/freertos_blinky_revised/example/inc" -I"/home/daman/teaching/lambton/2019/fall/ese3025/RTOS/freertos_blinky_revised/freertos/inc" -O0 -g3 -Wall -c -fmessage-length=0 -fno-builtin -ffunction-sections -fdata-sections -mcpu=cortex-m3 -mthumb -fstack-usage -specs=redlib.specs -MMD -MP -MF"freertos/src/heap_3.d" -MT"freertos/src/heap_3.o" -MT"freertos/src/heap_3.d" -o "freertos/src/heap_3.o" "../freertos/src/heap_3.c"
Invoking: MCU C Compiler
arm-none-eabi-gcc -D__REDLIB__ -DDEBUG -D__CODE_RED -D__USE_LPCOPEN -DCORE_M3 -I"/home/daman/Documents/MCUXpresso_11.0.1_2563/workspace/lpc_chip_175x_6x/inc" -I"/home/daman/Documents/MCUXpresso_11.0.1_2563/workspace/lpc_board_nxp_lpcxpresso_1769/inc" -I"/home/daman/teaching/lambton/2019/fall/ese3025/RTOS/freertos_blinky_revised/example/inc" -I"/home/daman/teaching/lambton/2019/fall/ese3025/RTOS/freertos_blinky_revised/freertos/inc" -O0 -g3 -Wall -c -fmessage-length=0 -fno-builtin -ffunction-sections -fdata-sections -mcpu=cortex-m3 -mthumb -fstack-usage -specs=redlib.specs -MMD -MP -MF"freertos/src/list.d" -MT"freertos/src/list.o" -MT"freertos/src/list.d" -o "freertos/src/list.o" "../freertos/src/list.c"
Finished building: ../freertos/src/port.c
Finished building: ../freertos/src/list.c
 
 
Building file: ../freertos/src/tasks.c
Building file: ../freertos/src/queue.c
Invoking: MCU C Compiler
arm-none-eabi-gcc -D__REDLIB__ -DDEBUG -D__CODE_RED -D__USE_LPCOPEN -DCORE_M3 -I"/home/daman/Documents/MCUXpresso_11.0.1_2563/workspace/lpc_chip_175x_6x/inc" -I"/home/daman/Documents/MCUXpresso_11.0.1_2563/workspace/lpc_board_nxp_lpcxpresso_1769/inc" -I"/home/daman/teaching/lambton/2019/fall/ese3025/RTOS/freertos_blinky_revised/example/inc" -I"/home/daman/teaching/lambton/2019/fall/ese3025/RTOS/freertos_blinky_revised/freertos/inc" -O0 -g3 -Wall -c -fmessage-length=0 -fno-builtin -ffunction-sections -fdata-sections -mcpu=cortex-m3 -mthumb -fstack-usage -specs=redlib.specs -MMD -MP -MF"freertos/src/queue.d" -MT"freertos/src/queue.o" -MT"freertos/src/queue.d" -o "freertos/src/queue.o" "../freertos/src/queue.c"
Invoking: MCU C Compiler
arm-none-eabi-gcc -D__REDLIB__ -DDEBUG -D__CODE_RED -D__USE_LPCOPEN -DCORE_M3 -I"/home/daman/Documents/MCUXpresso_11.0.1_2563/workspace/lpc_chip_175x_6x/inc" -I"/home/daman/Documents/MCUXpresso_11.0.1_2563/workspace/lpc_board_nxp_lpcxpresso_1769/inc" -I"/home/daman/teaching/lambton/2019/fall/ese3025/RTOS/freertos_blinky_revised/example/inc" -I"/home/daman/teaching/lambton/2019/fall/ese3025/RTOS/freertos_blinky_revised/freertos/inc" -O0 -g3 -Wall -c -fmessage-length=0 -fno-builtin -ffunction-sections -fdata-sections -mcpu=cortex-m3 -mthumb -fstack-usage -specs=redlib.specs -MMD -MP -MF"freertos/src/tasks.d" -MT"freertos/src/tasks.o" -MT"freertos/src/tasks.d" -o "freertos/src/tasks.o" "../freertos/src/tasks.c"
Finished building: ../freertos/src/heap_3.c
Finished building: ../freertos/src/FreeRTOSCommonHooks.c
 
 
Building file: ../example/src/cr_startup_lpc175x_6x.c
Building file: ../example/src/freertos_blinky_revised.c
Invoking: MCU C Compiler
arm-none-eabi-gcc -D__REDLIB__ -DDEBUG -D__CODE_RED -D__USE_LPCOPEN -DCORE_M3 -I"/home/daman/Documents/MCUXpresso_11.0.1_2563/workspace/lpc_chip_175x_6x/inc" -I"/home/daman/Documents/MCUXpresso_11.0.1_2563/workspace/lpc_board_nxp_lpcxpresso_1769/inc" -I"/home/daman/teaching/lambton/2019/fall/ese3025/RTOS/freertos_blinky_revised/example/inc" -I"/home/daman/teaching/lambton/2019/fall/ese3025/RTOS/freertos_blinky_revised/freertos/inc" -O0 -g3 -Wall -c -fmessage-length=0 -fno-builtin -ffunction-sections -fdata-sections -mcpu=cortex-m3 -mthumb -fstack-usage -specs=redlib.specs -MMD -MP -MF"example/src/cr_startup_lpc175x_6x.d" -MT"example/src/cr_startup_lpc175x_6x.o" -MT"example/src/cr_startup_lpc175x_6x.d" -o "example/src/cr_startup_lpc175x_6x.o" "../example/src/cr_startup_lpc175x_6x.c"
Invoking: MCU C Compiler
arm-none-eabi-gcc -D__REDLIB__ -DDEBUG -D__CODE_RED -D__USE_LPCOPEN -DCORE_M3 -I"/home/daman/Documents/MCUXpresso_11.0.1_2563/workspace/lpc_chip_175x_6x/inc" -I"/home/daman/Documents/MCUXpresso_11.0.1_2563/workspace/lpc_board_nxp_lpcxpresso_1769/inc" -I"/home/daman/teaching/lambton/2019/fall/ese3025/RTOS/freertos_blinky_revised/example/inc" -I"/home/daman/teaching/lambton/2019/fall/ese3025/RTOS/freertos_blinky_revised/freertos/inc" -O0 -g3 -Wall -c -fmessage-length=0 -fno-builtin -ffunction-sections -fdata-sections -mcpu=cortex-m3 -mthumb -fstack-usage -specs=redlib.specs -MMD -MP -MF"example/src/freertos_blinky_revised.d" -MT"example/src/freertos_blinky_revised.o" -MT"example/src/freertos_blinky_revised.d" -o "example/src/freertos_blinky_revised.o" "../example/src/freertos_blinky_revised.c"
Finished building: ../example/src/cr_startup_lpc175x_6x.c
 
Building file: ../example/src/sysinit.c
Invoking: MCU C Compiler
arm-none-eabi-gcc -D__REDLIB__ -DDEBUG -D__CODE_RED -D__USE_LPCOPEN -DCORE_M3 -I"/home/daman/Documents/MCUXpresso_11.0.1_2563/workspace/lpc_chip_175x_6x/inc" -I"/home/daman/Documents/MCUXpresso_11.0.1_2563/workspace/lpc_board_nxp_lpcxpresso_1769/inc" -I"/home/daman/teaching/lambton/2019/fall/ese3025/RTOS/freertos_blinky_revised/example/inc" -I"/home/daman/teaching/lambton/2019/fall/ese3025/RTOS/freertos_blinky_revised/freertos/inc" -O0 -g3 -Wall -c -fmessage-length=0 -fno-builtin -ffunction-sections -fdata-sections -mcpu=cortex-m3 -mthumb -fstack-usage -specs=redlib.specs -MMD -MP -MF"example/src/sysinit.d" -MT"example/src/sysinit.o" -MT"example/src/sysinit.d" -o "example/src/sysinit.o" "../example/src/sysinit.c"
Finished building: ../example/src/freertos_blinky_revised.c
 
Finished building: ../example/src/sysinit.c
 
Finished building: ../freertos/src/queue.c
 
Finished building: ../freertos/src/tasks.c
 
Building target: freertos_blinky_revised.axf
Invoking: MCU Linker
arm-none-eabi-gcc -nostdlib -L"/home/daman/Documents/MCUXpresso_11.0.1_2563/workspace/lpc_chip_175x_6x/Debug" -L"/home/daman/Documents/MCUXpresso_11.0.1_2563/workspace/lpc_board_nxp_lpcxpresso_1769/Debug" -Xlinker -Map="freertos_blinky_revised.map" -Xlinker --gc-sections -mcpu=cortex-m3 -mthumb -T "freertos_blinky_Debug.ld" -o "freertos_blinky_revised.axf"  ./freertos/src/FreeRTOSCommonHooks.o ./freertos/src/heap_3.o ./freertos/src/list.o ./freertos/src/port.o ./freertos/src/queue.o ./freertos/src/tasks.o  ./example/src/cr_startup_lpc175x_6x.o ./example/src/freertos_blinky_revised.o ./example/src/sysinit.o   -llpc_board_nxp_lpcxpresso_1769 -llpc_chip_175x_6x
Finished building target: freertos_blinky_revised.axf
 
make --no-print-directory post-build
Performing post-build steps
arm-none-eabi-size "freertos_blinky_revised.axf"; # arm-none-eabi-objcopy -v -O binary "freertos_blinky_revised.axf" "freertos_blinky_revised.bin" ; # checksum -p LPC1769 -d "freertos_blinky_revised.bin";
   text	   data	    bss	    dec	    hex	filename
   9372	      8	    820	  10200	   27d8	freertos_blinky_revised.axf
 

05:44:21 Build Finished. 0 errors, 0 warnings. (took 1s.886ms)

